// Jest Snapshot v1, https://goo.gl/fbAQLP

exports[`renders without crashing 1`] = `
ShallowWrapper {
  Symbol(enzyme.__root__): [Circular],
  Symbol(enzyme.__unrendered__): <AdvantageIcons
    castaway={
      Object {
        "advantages": Array [
          Object {
            "item": "immunity idol",
          },
          Object {
            "item": "fake immunity idol",
          },
        ],
      }
    }
  />,
  Symbol(enzyme.__renderer__): Object {
    "batchedUpdates": [Function],
    "checkPropTypes": [Function],
    "getNode": [Function],
    "render": [Function],
    "simulateError": [Function],
    "simulateEvent": [Function],
    "unmount": [Function],
  },
  Symbol(enzyme.__node__): Object {
    "instance": null,
    "key": undefined,
    "nodeType": "host",
    "props": Object {
      "children": Array [
        <div>
          <div
            className="tooltip advantage"
          >
            <img
              alt="Immunity Idol"
              src="immunity_idol.png"
            />
            <span
              className="animated fadeIn tooltiptext"
            >
              Immunity Idol
            </span>
          </div>
        </div>,
        <div>
          <div
            className="tooltip advantage"
          >
            <img
              alt="Fake Immunity Idol"
              src="fake_immunity_idol.png"
            />
            <span
              className="animated fadeIn tooltiptext"
            >
              Fake Immunity Idol
            </span>
          </div>
        </div>,
      ],
      "className": "tribe-advantage-container",
    },
    "ref": null,
    "rendered": Array [
      Object {
        "instance": null,
        "key": "0",
        "nodeType": "host",
        "props": Object {
          "children": <div
            className="tooltip advantage"
          >
            <img
              alt="Immunity Idol"
              src="immunity_idol.png"
            />
            <span
              className="animated fadeIn tooltiptext"
            >
              Immunity Idol
            </span>
          </div>,
        },
        "ref": null,
        "rendered": Object {
          "instance": null,
          "key": undefined,
          "nodeType": "host",
          "props": Object {
            "children": Array [
              <img
                alt="Immunity Idol"
                src="immunity_idol.png"
              />,
              <span
                className="animated fadeIn tooltiptext"
              >
                Immunity Idol
              </span>,
            ],
            "className": "tooltip advantage",
          },
          "ref": null,
          "rendered": Array [
            Object {
              "instance": null,
              "key": undefined,
              "nodeType": "host",
              "props": Object {
                "alt": "Immunity Idol",
                "src": "immunity_idol.png",
              },
              "ref": null,
              "rendered": null,
              "type": "img",
            },
            Object {
              "instance": null,
              "key": undefined,
              "nodeType": "host",
              "props": Object {
                "children": "Immunity Idol",
                "className": "animated fadeIn tooltiptext",
              },
              "ref": null,
              "rendered": "Immunity Idol",
              "type": "span",
            },
          ],
          "type": "div",
        },
        "type": "div",
      },
      Object {
        "instance": null,
        "key": "1",
        "nodeType": "host",
        "props": Object {
          "children": <div
            className="tooltip advantage"
          >
            <img
              alt="Fake Immunity Idol"
              src="fake_immunity_idol.png"
            />
            <span
              className="animated fadeIn tooltiptext"
            >
              Fake Immunity Idol
            </span>
          </div>,
        },
        "ref": null,
        "rendered": Object {
          "instance": null,
          "key": undefined,
          "nodeType": "host",
          "props": Object {
            "children": Array [
              <img
                alt="Fake Immunity Idol"
                src="fake_immunity_idol.png"
              />,
              <span
                className="animated fadeIn tooltiptext"
              >
                Fake Immunity Idol
              </span>,
            ],
            "className": "tooltip advantage",
          },
          "ref": null,
          "rendered": Array [
            Object {
              "instance": null,
              "key": undefined,
              "nodeType": "host",
              "props": Object {
                "alt": "Fake Immunity Idol",
                "src": "fake_immunity_idol.png",
              },
              "ref": null,
              "rendered": null,
              "type": "img",
            },
            Object {
              "instance": null,
              "key": undefined,
              "nodeType": "host",
              "props": Object {
                "children": "Fake Immunity Idol",
                "className": "animated fadeIn tooltiptext",
              },
              "ref": null,
              "rendered": "Fake Immunity Idol",
              "type": "span",
            },
          ],
          "type": "div",
        },
        "type": "div",
      },
    ],
    "type": "div",
  },
  Symbol(enzyme.__nodes__): Array [
    Object {
      "instance": null,
      "key": undefined,
      "nodeType": "host",
      "props": Object {
        "children": Array [
          <div>
            <div
              className="tooltip advantage"
            >
              <img
                alt="Immunity Idol"
                src="immunity_idol.png"
              />
              <span
                className="animated fadeIn tooltiptext"
              >
                Immunity Idol
              </span>
            </div>
          </div>,
          <div>
            <div
              className="tooltip advantage"
            >
              <img
                alt="Fake Immunity Idol"
                src="fake_immunity_idol.png"
              />
              <span
                className="animated fadeIn tooltiptext"
              >
                Fake Immunity Idol
              </span>
            </div>
          </div>,
        ],
        "className": "tribe-advantage-container",
      },
      "ref": null,
      "rendered": Array [
        Object {
          "instance": null,
          "key": "0",
          "nodeType": "host",
          "props": Object {
            "children": <div
              className="tooltip advantage"
            >
              <img
                alt="Immunity Idol"
                src="immunity_idol.png"
              />
              <span
                className="animated fadeIn tooltiptext"
              >
                Immunity Idol
              </span>
            </div>,
          },
          "ref": null,
          "rendered": Object {
            "instance": null,
            "key": undefined,
            "nodeType": "host",
            "props": Object {
              "children": Array [
                <img
                  alt="Immunity Idol"
                  src="immunity_idol.png"
                />,
                <span
                  className="animated fadeIn tooltiptext"
                >
                  Immunity Idol
                </span>,
              ],
              "className": "tooltip advantage",
            },
            "ref": null,
            "rendered": Array [
              Object {
                "instance": null,
                "key": undefined,
                "nodeType": "host",
                "props": Object {
                  "alt": "Immunity Idol",
                  "src": "immunity_idol.png",
                },
                "ref": null,
                "rendered": null,
                "type": "img",
              },
              Object {
                "instance": null,
                "key": undefined,
                "nodeType": "host",
                "props": Object {
                  "children": "Immunity Idol",
                  "className": "animated fadeIn tooltiptext",
                },
                "ref": null,
                "rendered": "Immunity Idol",
                "type": "span",
              },
            ],
            "type": "div",
          },
          "type": "div",
        },
        Object {
          "instance": null,
          "key": "1",
          "nodeType": "host",
          "props": Object {
            "children": <div
              className="tooltip advantage"
            >
              <img
                alt="Fake Immunity Idol"
                src="fake_immunity_idol.png"
              />
              <span
                className="animated fadeIn tooltiptext"
              >
                Fake Immunity Idol
              </span>
            </div>,
          },
          "ref": null,
          "rendered": Object {
            "instance": null,
            "key": undefined,
            "nodeType": "host",
            "props": Object {
              "children": Array [
                <img
                  alt="Fake Immunity Idol"
                  src="fake_immunity_idol.png"
                />,
                <span
                  className="animated fadeIn tooltiptext"
                >
                  Fake Immunity Idol
                </span>,
              ],
              "className": "tooltip advantage",
            },
            "ref": null,
            "rendered": Array [
              Object {
                "instance": null,
                "key": undefined,
                "nodeType": "host",
                "props": Object {
                  "alt": "Fake Immunity Idol",
                  "src": "fake_immunity_idol.png",
                },
                "ref": null,
                "rendered": null,
                "type": "img",
              },
              Object {
                "instance": null,
                "key": undefined,
                "nodeType": "host",
                "props": Object {
                  "children": "Fake Immunity Idol",
                  "className": "animated fadeIn tooltiptext",
                },
                "ref": null,
                "rendered": "Fake Immunity Idol",
                "type": "span",
              },
            ],
            "type": "div",
          },
          "type": "div",
        },
      ],
      "type": "div",
    },
  ],
  Symbol(enzyme.__options__): Object {
    "adapter": ReactSixteenAdapter {
      "options": Object {
        "enableComponentDidUpdateOnSetState": true,
        "legacyContextMode": "parent",
        "lifecycles": Object {
          "componentDidUpdate": Object {
            "onSetState": true,
          },
          "getChildContext": Object {
            "calledByRenderer": false,
          },
          "getDerivedStateFromError": true,
          "getDerivedStateFromProps": Object {
            "hasShouldComponentUpdateBug": false,
          },
          "getSnapshotBeforeUpdate": true,
          "setState": Object {
            "skipsComponentDidUpdateOnNullish": true,
          },
        },
      },
    },
    Symbol(enzyme.__providerValues__): undefined,
  },
  Symbol(enzyme.__providerValues__): Map {},
}
`;
